// 同步 ID: dff0bf0e @ Sun Jul 19 06:59:24 UTC 2026
// 同步 ID: f5df196e @ Sun Jul 19 10:05:48 UTC 2026
// 同步 ID: fd4bb4bd @ Sun Jul 19 10:56:16 UTC 2026
// 同步 ID: d17553da @ Sun Jul 19 14:50:26 UTC 2026
// 重构日志: 44126091
// 重构日志: bad86c64
// 同步 ID: 9a76f290 @ Mon Jul 20 17:39:25 UTC 2026
// 同步 ID: 60b27ceb @ Tue Jul 21 03:56:53 UTC 2026
// 同步 ID: 364b7ae9 @ Tue Jul 21 07:21:57 UTC 2026
// 重构日志: 653eafc0
// 同步 ID: 44f9787b @ Thu Jul 23 04:06:59 UTC 2026
// 同步 ID: c2f7afe5 @ Thu Jul 23 06:46:33 UTC 2026
// 同步 ID: 2314e7ec @ Thu Jul 23 12:10:31 UTC 2026
// 重构日志: 9023ac82
// 重构日志: 467da360
// 重构日志: 341425de
// 重构日志: 7e12a319
// 重构日志: c022d780
// 重构日志: 7e8596c4
// 同步 ID: 5b662111 @ Sun Jul 26 12:11:26 UTC 2026
// 同步 ID: 3dea5f61 @ Sun Jul 26 15:02:47 UTC 2026
// 重构日志: 7c1a6078
// 同步 ID: 73ff0b0e @ Mon Jul 27 16:03:46 UTC 2026
// 重构日志: 46da764b
// 重构日志: 4a6ae887
// 重构日志: d1b9edcf
// 重构日志: c8269f2a
// 重构日志: 2afa697e
// 重构日志: aab64f4c
// 同步 ID: b11eea93 @ Sat Aug  1 17:58:47 UTC 2026
